Loading fashion-mnist data... done
Loading model...[22:36:42] src/nnvm/legacy_json_util.cc:209: Loading symbol saved by previous version v0.11.0. Attempting to upgrade...
[22:36:42] src/nnvm/legacy_json_util.cc:217: Symbol successfully upgraded!
==1040407== NVPROF is profiling process 1040407, command: python2 submit/submission.py
 done
New Inference
Number of CUDA devices: 1
Device 0: Tesla V100-PCIE-16GB
Batch: 10000
M: 12
C: 1
H: 72
W: 72
K: 7
Op Time: 0.127951
Number of CUDA devices: 1
Device 0: Tesla V100-PCIE-16GB
Batch: 10000
M: 24
C: 12
H: 33
W: 33
K: 7
Op Time: 0.159344
Correctness: 0.7955 Model: eecs498
==1040407== Profiling application: python2 submit/submission.py
==1040407== Profiling result:
            Type  Time(%)      Time     Calls       Avg       Min       Max  Name
 GPU activities:   34.09%  136.17ms       340  400.51us  7.1040us  919.45us  mxnet::op::fft2d_kernel(int, int, int, float2*, float2*)
                   26.57%  106.15ms       160  663.43us  284.51us  1.0467ms  mxnet::op::multiply_fft_kernel(float2 const *, float2 const *, float2*, int, int, int, int, int)
                   24.18%  96.619ms        10  9.6619ms  1.1200us  94.516ms  [CUDA memcpy HtoD]
                    6.01%  24.021ms       160  150.13us  94.687us  206.27us  mxnet::op::extract_valid_kernel(float2 const *, float*, int, int, int, int, int, int, int, int, int, int)
                    2.83%  11.307ms         2  5.6537ms  2.0789ms  9.2284ms  void mshadow::cuda::MapPlanLargeKernel<mshadow::sv::saveto, int=8, int=1024, mshadow::expr::Plan<mshadow::Tensor<mshadow::gpu, int=4, float>, float>, mshadow::expr::Plan<mshadow::expr::BinaryMapExp<mshadow::op::mul, mshadow::expr::ScalarExp<float>, mshadow::Tensor<mshadow::gpu, int=4, float>, float, int=1>, float>>(mshadow::gpu, unsigned int, mshadow::Shape<int=2>, int=4, int)
                    2.16%  8.6332ms       160  53.957us  26.911us  87.712us  mxnet::op::pad_input_kernel(float const *, float2*, int, int, int, int, int, int, int, int, int, int)
                    1.66%  6.6239ms         1  6.6239ms  6.6239ms  6.6239ms  volta_sgemm_32x32_sliced1x4_tn
                    1.45%  5.7850ms         2  2.8925ms  23.584us  5.7614ms  void op_generic_tensor_kernel<int=1, float, float, float, int=256, cudnnGenericOp_t=7, cudnnNanPropagation_t=0, int=1>(cudnnTensorStruct, float*, cudnnTensorStruct, float const *, cudnnTensorStruct, float const *, float, float, float, cudnnActivationStruct, reducedDivisorArray, int)
                    0.87%  3.4818ms         1  3.4818ms  3.4818ms  3.4818ms  void cudnn::ops::pooling_fw_4d_kernel<float, float, cudnn::maxpooling_func<float, float, cudnnNanPropagation_t=0>, cudnnPoolingMode_t=0, bool=0>(cudnnTensorStruct, float const *, cudnn::ops::pooling_fw_4d_kernel<float, float, cudnn::maxpooling_func<float, float, cudnnNanPropagation_t=0>, cudnnPoolingMode_t=0, bool=0>, cudnnTensorStruct*, cudnnPoolingStruct, float, cudnnPoolingStruct, int, cudnn::reduced_divisor, float)
                    0.08%  311.01us         1  311.01us  311.01us  311.01us  void mshadow::cuda::MapPlanLargeKernel<mshadow::sv::saveto, int=8, int=1024, mshadow::expr::Plan<mshadow::Tensor<mshadow::gpu, int=2, float>, float>, mshadow::expr::Plan<mshadow::expr::ScalarExp<float>, float>>(mshadow::gpu, unsigned int, mshadow::Shape<int=2>, int=2, int)
                    0.02%  94.079us        20  4.7030us  3.3920us  11.008us  mxnet::op::pad_flipped_kernel(float const *, float2*, int, int, int, int)
                    0.02%  75.423us        13  5.8010us  2.5920us  22.495us  void mshadow::cuda::MapPlanKernel<mshadow::sv::saveto, int=8, mshadow::expr::Plan<mshadow::Tensor<mshadow::gpu, int=2, float>, float>, mshadow::expr::Plan<mshadow::expr::ScalarExp<float>, float>>(mshadow::gpu, unsigned int, mshadow::Shape<int=2>, int=2)
                    0.02%  69.633us        20  3.4810us  3.1360us  5.2480us  mxnet::op::flip_kernel_spatial(float const *, float*, int, int, int)
                    0.02%  60.607us         1  60.607us  60.607us  60.607us  void mshadow::cuda::SoftmaxKernel<int=8, float, mshadow::expr::Plan<mshadow::Tensor<mshadow::gpu, int=2, float>, float>, mshadow::expr::Plan<mshadow::Tensor<mshadow::gpu, int=2, float>, float>>(mshadow::gpu, int=2, unsigned int)
                    0.01%  30.144us         1  30.144us  30.144us  30.144us  volta_sgemm_32x128_tn
                    0.01%  29.152us         2  14.576us  4.0640us  25.088us  void mshadow::cuda::MapPlanKernel<mshadow::sv::plusto, int=8, mshadow::expr::Plan<mshadow::Tensor<mshadow::gpu, int=2, float>, float>, mshadow::expr::Plan<mshadow::expr::Broadcast1DExp<mshadow::Tensor<mshadow::gpu, int=1, float>, float, int=2, int=1>, float>>(mshadow::gpu, unsigned int, mshadow::Shape<int=2>, int=2)
                    0.01%  27.808us         8  3.4760us  3.2320us  4.5760us  [CUDA memset]
                    0.00%  7.2310us         1  7.2310us  7.2310us  7.2310us  void mshadow::cuda::MapPlanKernel<mshadow::sv::saveto, int=8, mshadow::expr::Plan<mshadow::Tensor<mshadow::gpu, int=2, float>, float>, mshadow::expr::Plan<mshadow::expr::ReduceWithAxisExp<mshadow::red::maximum, mshadow::Tensor<mshadow::gpu, int=3, float>, float, int=3, bool=1, int=2>, float>>(mshadow::gpu, unsigned int, mshadow::Shape<int=2>, int=2)
                    0.00%  4.7040us         1  4.7040us  4.7040us  4.7040us  [CUDA memcpy DtoH]
      API calls:   32.02%  1.04264s        53  19.672ms     552ns  480.86ms  cudaFree
                   30.69%  999.41ms        22  45.428ms  10.579us  999.09ms  cudaMemGetInfo
                   20.37%  663.38ms        22  30.154ms  2.6670us  232.30ms  cudaStreamCreateWithFlags
                    8.85%  288.21ms       189  1.5249ms  1.6030us  7.9145ms  cudaStreamSynchronize
                    5.64%  183.79ms         9  20.421ms  4.1890us  97.136ms  cudaMemcpy2DAsync
                    1.10%  35.781ms        17  2.1048ms  8.7680us  9.7554ms  cuModuleUnload
                    0.59%  19.223ms       102  188.46us  2.9210us  12.136ms  cudaMalloc
                    0.37%  11.901ms        64  185.95us  3.6720us  9.2321ms  cudaDeviceSynchronize
                    0.12%  3.9340ms       885  4.4450us  3.6760us  30.687us  cudaLaunchKernel
                    0.10%  3.2560ms        20  162.80us  2.9270us  2.9663ms  cudaStreamCreate
                    0.04%  1.1846ms         8  148.07us  131.25us  164.32us  cudaGetDeviceProperties
                    0.04%  1.1706ms         2  585.29us  15.243us  1.1553ms  cudaHostAlloc
                    0.03%  858.17us       493  1.7400us     142ns  80.619us  cuDeviceGetAttribute
                    0.01%  389.46us      1500     259ns     151ns  3.4410us  cuGetProcAddress
                    0.01%  175.60us       240     731ns     451ns  14.334us  cudaEventCreateWithFlags
                    0.00%  138.49us       865     160ns     148ns     348ns  cudaGetLastError
                    0.00%  85.769us         8  10.721us  5.0020us  31.505us  cudaMemsetAsync
                    0.00%  84.209us        16  5.2630us  4.4160us  8.6720us  cudaStreamDestroy
                    0.00%  62.094us        30  2.0690us     453ns  8.3530us  cudaSetDevice
                    0.00%  59.173us         5  11.834us  8.0730us  17.083us  cuDeviceGetName
                    0.00%  48.792us         8  6.0990us  2.5790us  28.375us  cudaStreamCreateWithPriority
                    0.00%  38.775us         2  19.387us  15.750us  23.025us  cudaMemcpyToSymbol
                    0.00%  31.081us        70     444ns     290ns  4.5780us  cudaDeviceGetAttribute
                    0.00%  29.893us        21  1.4230us     368ns  5.3690us  cudaGetDevice
                    0.00%  13.085us         1  13.085us  13.085us  13.085us  cuDeviceGetPCIBusId
                    0.00%  11.026us         4  2.7560us  2.3600us  3.1640us  cuInit
                    0.00%  9.7300us         6  1.6210us     233ns  6.7790us  cudaGetDeviceCount
                    0.00%  8.1740us         6  1.3620us     713ns  3.1870us  cudaEventCreate
                    0.00%  7.8170us         3  2.6050us     608ns  4.4240us  cudaOccupancyMaxActiveBlocksPerMultiprocessorWithFlags
                    0.00%  7.6920us         2  3.8460us  2.3040us  5.3880us  cudaEventRecord
                    0.00%  4.3340us        20     216ns     158ns     423ns  cudaPeekAtLastError
                    0.00%  3.7180us         4     929ns     592ns  1.4230us  cudaDeviceGetStreamPriorityRange
                    0.00%  3.6190us         2  1.8090us  1.1820us  2.4370us  cudaHostGetDevicePointer
                    0.00%  3.4670us         7     495ns     189ns     781ns  cuDeviceGetCount
                    0.00%  2.6050us         2  1.3020us     951ns  1.6540us  cudaStreamIsCapturing
                    0.00%  1.9260us         5     385ns     271ns     461ns  cuDeviceTotalMem
                    0.00%  1.9050us         6     317ns     179ns     517ns  cuDeviceGet
                    0.00%  1.4000us         2     700ns     564ns     836ns  cudaStreamGetPriority
                    0.00%  1.1370us         1  1.1370us  1.1370us  1.1370us  cuDevicePrimaryCtxRelease
                    0.00%  1.0820us         4     270ns     212ns     389ns  cuDriverGetVersion
                    0.00%  1.0630us         5     212ns     175ns     253ns  cuDeviceGetUuid
                    0.00%     906ns         1     906ns     906ns     906ns  cudaGetSymbolAddress
                    0.00%     738ns         2     369ns     312ns     426ns  cudaDriverGetVersion
